// Jest Snapshot v1, https://goo.gl/fbAQLP

exports[`The Footer component renders without crashing 1`] = `
<div>
  <footer>
    <div
      class="container"
    >
      <span>
        Â© 2024 Alumni FIL
      </span>
    </div>
  </footer>
</div>
`;
