// Jest Snapshot v1, https://goo.gl/fbAQLP

exports[`The Search page functionality Render and basic elements The Search page renders without crashing 1`] = `
<div>
  <header
    class="header"
  >
    <div
      class="header-left"
    >
      <a
        aria-label="IMT Atlantique"
        class="navbar-brand"
        href="/"
      >
        <img
          alt="IMT Atlantique Logo"
          src="https://www.imt-atlantique.fr/sites/default/files/Images/Ecole/charte-graphique/IMT_Atlantique_logo_RVB_Negatif_Baseline_400x272.png"
        />
      </a>
      <input
        aria-label="Search"
        class="form-control navbar-search"
        placeholder="Search"
        type="text"
      />
    </div>
    <nav
      class="header-right gap-3"
    >
      <a
        class="nav-item nav-link"
        href="/search"
      >
        Search
      </a>
      <a
        class="nav-item nav-link"
        href="/import-export"
      >
        Import-Export
      </a>
      <a
        class="nav-item nav-link"
        href="/gestion-utilisateurs"
      >
        Gestion Utilisateurs
      </a>
      <a
        class="nav-item nav-link"
        href="/stat"
      >
        Stat
      </a>
      <button
        class="btn btn-primary"
        type="button"
      >
        Log out
      </button>
    </nav>
  </header>
  <main
    class="container my-4"
  >
    <h2
      class="text-center text-custom-primary"
    >
      Find Alumni
    </h2>
    <p
      class="text-center text-custom-secondary"
    >
      Search for specific alumni based on various criteria
    </p>
    <form
      action="/search"
      class="text-center border p-4 rounded my-4"
      method="post"
    >
      <div
        class="row mb-4"
      >
        <div
          class="form-group col-md-3"
        >
          <label
            class="form-label"
            for="name"
          >
            Name
          </label>
          <input
            class="form-control"
            id="name"
            name="name"
            placeholder="Enter name"
            type="text"
            value=""
          />
        </div>
        <div
          class="form-group col-md-3"
        >
          <label
            class="form-label"
            for="graduationYear"
          >
            Graduation Year
          </label>
          <select
            class="form-control"
            id="graduationYear"
            name="graduationYear"
          >
            <option
              value=""
            >
              Select Year
            </option>
            <option
              value="2024"
            >
              2024
            </option>
            <option
              value="2023"
            >
              2023
            </option>
            <option
              value="2022"
            >
              2022
            </option>
            <option
              value="2021"
            >
              2021
            </option>
            <option
              value="2020"
            >
              2020
            </option>
            <option
              value="2019"
            >
              2019
            </option>
            <option
              value="2018"
            >
              2018
            </option>
            <option
              value="2017"
            >
              2017
            </option>
            <option
              value="2016"
            >
              2016
            </option>
            <option
              value="2015"
            >
              2015
            </option>
          </select>
        </div>
        <div
          class="form-group col-md-3"
        >
          <label
            class="form-label"
            for="currentCompany"
          >
            Current Company
          </label>
          <input
            class="form-control"
            id="currentCompany"
            name="currentCompany"
            placeholder="Enter company name"
            type="text"
            value=""
          />
        </div>
        <div
          class="form-group col-md-3"
        >
          <label
            class="form-label"
            for="city"
          >
            City
          </label>
          <input
            class="form-control"
            id="city"
            name="city"
            placeholder="Enter city"
            type="text"
            value=""
          />
        </div>
      </div>
      <div
        class="row justify-content-center gap-3"
      >
        <button
          class="btn btn-outline-secondary form-group col-md-2"
          type="reset"
        >
          Reset
        </button>
        <button
          class="custom-primary-color btn btn-primary btn-custom-primary form-group col-md-2"
          type="submit"
        >
          Search
        </button>
      </div>
    </form>
    <section
      class="scrollable-container"
    >
      <p
        class="text-center text-danger"
      />
    </section>
  </main>
  <footer>
    <div
      class="container"
    >
      <span>
        Â© 2024 Alumni FIL
      </span>
    </div>
  </footer>
</div>
`;
